status: ready
mode: Normal
selected_inbox_index: 0
selected_inbox_item_id: inbox-decision
center_stack: Terminal
center_title: Terminal

[inbox]
Batch lanes: [1] Decide / Unblock 1 | [2] Approvals 1 | [3] PR Reviews 1 | [4] FYI Digest 1

Urgent:
> [ ] NeedsDecision: Choose parser migration strategy

Attention:
  [ ] NeedsApproval: Approve PR-ready transition
  [ ] ReadyForReview: Review implementation evidence

Background:
  [ ] FYI: FYI: background agent progress

[center]
Stack: Terminal

No terminal output available yet.

[which-key]
(none)
