status: ready
mode: Normal
selected_inbox_index: 0
selected_inbox_item_id: inbox-terminal
center_stack: FocusCard(inbox-terminal) > Terminal
center_title: Terminal session sess-terminal

[inbox]
Batch lanes: [2] Approvals 1

Attention:
> [ ] NeedsApproval: Review terminal overlay behavior

[center]
Stack: FocusCard(inbox-terminal) > Terminal

No terminal output available yet.

[which-key]
v  (Artifact inspectors)
c  Open chat inspector for selected item
d  Open diff inspector for selected item
p  Open PR inspector for selected item
t  Open test inspector for selected item
